../Core/Src/main.c:108:5:main	16	static
../Core/Src/main.c:182:6:SystemClock_Config	72	static
../Core/Src/main.c:219:13:MX_TIM2_Init	32	static
../Core/Src/main.c:264:13:MX_GPIO_Init	40	static
../Core/Src/main.c:318:6:clearLEDPin	24	static
../Core/Src/main.c:332:6:clearLED	8	static
../Core/Src/main.c:338:6:updateLEDMatrixBuffer	24	static
../Core/Src/main.c:344:6:updatePin	24	static
../Core/Src/main.c:372:6:updateColPin	16	static
../Core/Src/main.c:384:6:updateLEDMatrix	56	static
../Core/Src/main.c:505:6:shiftRightMatrix	16	static
../Core/Src/main.c:511:6:shiftLeftMatrix	16	static
../Core/Src/main.c:517:6:shiftUpMatrix	16	static
../Core/Src/main.c:526:6:shiftDownMatrix	16	static
../Core/Src/main.c:535:6:setTimer	16	static
../Core/Src/main.c:540:6:timer_run	16	static
../Core/Src/main.c:551:6:HAL_TIM_PeriodElapsedCallback	16	static
../Core/Src/main.c:560:6:Error_Handler	4	static,ignoring_inline_asm
